============================= test session starts =============================
collecting ... collected 6 items

iris_test.py::test_fetch_ucirepo_structure PASSED                        [ 16%]     sepal length  sepal width  petal length  petal width
0             5.1          3.5           1.4          0.2
1             4.9          3.0           1.4          0.2
2             4.7          3.2           1.3          0.2
3             4.6          3.1           1.5          0.2
4             5.0          3.6           1.4          0.2
..            ...          ...           ...          ...
145           6.7          3.0           5.2          2.3
146           6.3          2.5           5.0          1.9
147           6.5          3.0           5.2          2.0
148           6.2          3.4           5.4          2.3
149           5.9          3.0           5.1          1.8

[150 rows x 4 columns]
              class
0       Iris-setosa
1       Iris-setosa
2       Iris-setosa
3       Iris-setosa
4       Iris-setosa
..              ...
145  Iris-virginica
146  Iris-virginica
147  Iris-virginica
148  Iris-virginica
149  Iris-virginica

[150 rows x 1 columns]

iris_test.py::test_tree_creation_with_iris PASSED                        [ 33%]
iris_test.py::test_tree_prediction PASSED                                [ 50%]
iris_test.py::test_one_class PASSED                                      [ 66%]
iris_test.py::test_small_subset PASSED                                   [ 83%]
iris_test.py::test_high_max_depth PASSED                                 [100%]

============================= 6 passed in 10.47s ==============================


============================= test session starts =============================
collecting ... collected 6 items

breastcancer_test.py::test_fetch_ucirepo_structure PASSED                [ 16%]     radius1  texture1  ...  symmetry3  fractal_dimension3
0      17.99     10.38  ...     0.4601             0.11890
1      20.57     17.77  ...     0.2750             0.08902
2      19.69     21.25  ...     0.3613             0.08758
3      11.42     20.38  ...     0.6638             0.17300
4      20.29     14.34  ...     0.2364             0.07678
..       ...       ...  ...        ...                 ...
564    21.56     22.39  ...     0.2060             0.07115
565    20.13     28.25  ...     0.2572             0.06637
566    16.60     28.08  ...     0.2218             0.07820
567    20.60     29.33  ...     0.4087             0.12400
568     7.76     24.54  ...     0.2871             0.07039

[569 rows x 30 columns]
    Diagnosis
0           M
1           M
2           M
3           M
4           M
..        ...
564         M
565         M
566         M
567         M
568         B

[569 rows x 1 columns]

breastcancer_test.py::test_tree_creation_with_breast_cancer PASSED       [ 33%]
breastcancer_test.py::test_tree_prediction PASSED                        [ 50%]
breastcancer_test.py::test_one_class PASSED                              [ 66%]
breastcancer_test.py::test_small_subset PASSED                           [ 83%]
breastcancer_test.py::test_high_max_depth PASSED                         [100%]

============================= 6 passed in 39.32s ==============================

============================ test session starts =============================
collecting ... collected 6 items

wine_test.py::test_fetch_ucirepo_structure PASSED                        [ 16%]     Alcohol  Malicacid   Ash  ...   Hue  0D280_0D315_of_diluted_wines  Proline
0      14.23       1.71  2.43  ...  1.04                          3.92     1065
1      13.20       1.78  2.14  ...  1.05                          3.40     1050
2      13.16       2.36  2.67  ...  1.03                          3.17     1185
3      14.37       1.95  2.50  ...  0.86                          3.45     1480
4      13.24       2.59  2.87  ...  1.04                          2.93      735
..       ...        ...   ...  ...   ...                           ...      ...
173    13.71       5.65  2.45  ...  0.64                          1.74      740
174    13.40       3.91  2.48  ...  0.70                          1.56      750
175    13.27       4.28  2.26  ...  0.59                          1.56      835
176    13.17       2.59  2.37  ...  0.60                          1.62      840
177    14.13       4.10  2.74  ...  0.61                          1.60      560

[178 rows x 13 columns]
     class
0        1
1        1
2        1
3        1
4        1
..     ...
173      3
174      3
175      3
176      3
177      3

[178 rows x 1 columns]

wine_test.py::test_tree_creation_with_wine PASSED                        [ 33%]
wine_test.py::test_tree_prediction PASSED                                [ 50%]
wine_test.py::test_one_class PASSED                                      [ 66%]
wine_test.py::test_small_subset PASSED                                   [ 83%]
wine_test.py::test_high_max_depth PASSED                                 [100%]

============================== 6 passed in 9.58s ==============================